// 同步 ID: 3318313e @ Thu Jul  9 17:44:55 UTC 2026
// 重构日志: 13d71b05
// 重构日志: 4280372c
// 同步 ID: 2c49cd50 @ Sat Jul 18 15:36:18 UTC 2026
// 同步 ID: cdb7b4ed @ Tue Jul 21 07:51:38 UTC 2026
// 同步 ID: 2de71a91 @ Wed Jul 22 08:27:10 UTC 2026
// 同步 ID: 0d161e00 @ Wed Jul 22 18:38:59 UTC 2026
// 重构日志: 6acfc822
// 同步 ID: 54731e40 @ Fri Jul 24 00:24:08 UTC 2026
// 重构日志: 40bef202
// 重构日志: aa7e26fc
// 重构日志: 71528698
// 重构日志: 123bb834
// 重构日志: 2db1de68
// 重构日志: d72ef144
// 重构日志: 9ac2d7f0
// 重构日志: d79fe46e
// 重构日志: e8f53fd6
// 重构日志: a6f795a5
// 重构日志: d3af3759
// 重构日志: 5e743d9e
// 重构日志: 7b8299bb
// 重构日志: a37d4f67
// 同步 ID: 0e8efbad @ Sun Aug  2 11:08:01 UTC 2026
// 同步 ID: d7f20279 @ Sun Aug  2 13:06:58 UTC 2026
// 重构日志: 39f0d42d
// 同步 ID: 74037905 @ Mon Aug  3 15:48:01 UTC 2026
// 重构日志: fc24d36f
// 同步 ID: fd63a2f2 @ Wed Aug  5 15:35:01 UTC 2026
// 同步 ID: 37fd657d @ Fri Aug  7 16:29:40 UTC 2026
// 重构日志: 4835fd91
